A51 MACRO ASSEMBLER  EXP5                                                                 02/23/2021 15:29:27 PAGE     1


MACRO ASSEMBLER A51 V8.2.7.0
OBJECT MODULE PLACED IN .\Objects\exp5.obj
ASSEMBLER INVOKED BY: C:\Keil_v5\C51\BIN\A51.EXE exp5.asm SET(SMALL) DEBUG PRINT(.\Listings\exp5.lst) OBJECT(.\Objects\e
                      xp5.obj) EP

LOC  OBJ            LINE     SOURCE

0000                   1             ORG 0000H
0000 D2A0              2                     SETB P2.0
0002 7401              3                     MOV A,#01H
                       4                     
0004 F580              5     AGAIN:  MOV P0,A
0006 1111              6                     ACALL DELAY
0008 20A003            7                     JB P2.0,CLOCKWISE
000B 03                8                     RR A
000C 80F6              9                     JMP AGAIN
                      10                     
000E                  11     CLOCKWISE:
000E 23               12             RL A
000F 80F3             13                     JMP AGAIN
                      14                     
0011 78FF             15     DELAY:  MOV R0,#0FFH
0013 79FF             16                     MOV R1,#0FFH
0015                  17                     DJNZ R1,L1
*** _________________________________________________^
*** ERROR #A45 IN 17 (exp5.asm, LINE 17): UNDEFINED SYMBOL (PASS-2)
0017                  18                     DJNZ R0,L2
*** _________________________________________________^
*** ERROR #A45 IN 18 (exp5.asm, LINE 18): UNDEFINED SYMBOL (PASS-2)
0019 22               19                     RET
                      20                     
                      21                     END
A51 MACRO ASSEMBLER  EXP5                                                                 02/23/2021 15:29:27 PAGE     2

SYMBOL TABLE LISTING
------ ----- -------


N A M E             T Y P E  V A L U E   ATTRIBUTES

AGAIN. . . . . . .  C ADDR   0004H   A   
CLOCKWISE. . . . .  C ADDR   000EH   A   
DELAY. . . . . . .  C ADDR   0011H   A   
L1 . . . . . . . .    ----   -----       
L2 . . . . . . . .    ----   -----       
P0 . . . . . . . .  D ADDR   0080H   A   
P2 . . . . . . . .  D ADDR   00A0H   A   


REGISTER BANK(S) USED: 0 


ASSEMBLY COMPLETE.  0 WARNING(S), 2 ERROR(S)
