A51 MACRO ASSEMBLER  EXP3                                                                 02/21/2021 19:48:49 PAGE     1


MACRO ASSEMBLER A51 V8.2.7.0
OBJECT MODULE PLACED IN .\Objects\exp3.obj
ASSEMBLER INVOKED BY: C:\Keil_v5\C51\BIN\A51.EXE exp3.asm SET(SMALL) DEBUG PRINT(.\Listings\exp3.lst) OBJECT(.\Objects\e
                      xp3.obj) EP

LOC  OBJ            LINE     SOURCE

0000                   1             ORG 0000H
                       2     
0000 7580FF            3     MAIN:   MOV P0,#0FFH
0003 110C              4             ACALL DELAY
0005 758000            5             MOV P0,#00H
0008 110C              6                     ACALL DELAY
000A 80F4              7             JMP MAIN
                       8     
000C 7AFF              9     DELAY:  MOV R2,#0FFH
000E 79FF             10     L2:     MOV R1,#0FFH
0010 D9FE             11     L1:     DJNZ R1,L1
0012 DAFA             12             DJNZ R2,L2 
0014 22               13                     RET
                      14                     
                      15                     END
A51 MACRO ASSEMBLER  EXP3                                                                 02/21/2021 19:48:49 PAGE     2

SYMBOL TABLE LISTING
------ ----- -------


N A M E             T Y P E  V A L U E   ATTRIBUTES

DELAY. . . . . . .  C ADDR   000CH   A   
L1 . . . . . . . .  C ADDR   0010H   A   
L2 . . . . . . . .  C ADDR   000EH   A   
MAIN . . . . . . .  C ADDR   0000H   A   
P0 . . . . . . . .  D ADDR   0080H   A   


REGISTER BANK(S) USED: 0 


ASSEMBLY COMPLETE.  0 WARNING(S), 0 ERROR(S)
