A51 MACRO ASSEMBLER  BLOCK_TRANSFER                                                       02/21/2021 15:44:48 PAGE     1


MACRO ASSEMBLER A51 V8.2.7.0
OBJECT MODULE PLACED IN .\Objects\block_transfer.obj
ASSEMBLER INVOKED BY: C:\Keil_v5\C51\BIN\A51.EXE block_transfer.asm SET(SMALL) DEBUG PRINT(.\Listings\block_transfer.lst
                      ) OBJECT(.\Objects\block_transfer.obj) EP

LOC  OBJ            LINE     SOURCE

0000                   1             ORG 0000H
                       2                     
0000 7B0A              3                     MOV R3,#0AH
0002 7830              4                     MOV R0,#30H
0004 7940              5                     MOV R1,#40H
                       6                     
0006                   7     COUNTDOWN:  
0006 E6                8             MOV A,@R0
0007 F7                9                     MOV @R1,A
0008 08               10                     INC R0
0009 09               11                     INC R1
000A DBFA             12                     DJNZ R3,COUNTDOWN
                      13                     
                      14                     END
A51 MACRO ASSEMBLER  BLOCK_TRANSFER                                                       02/21/2021 15:44:48 PAGE     2

SYMBOL TABLE LISTING
------ ----- -------


N A M E             T Y P E  V A L U E   ATTRIBUTES

COUNTDOWN. . . . .  C ADDR   0006H   A   


REGISTER BANK(S) USED: 0 


ASSEMBLY COMPLETE.  0 WARNING(S), 0 ERROR(S)
