A51 MACRO ASSEMBLER  EXP2                                                                 02/20/2021 13:47:06 PAGE     1


MACRO ASSEMBLER A51 V8.2.7.0
OBJECT MODULE PLACED IN .\Objects\exp2.obj
ASSEMBLER INVOKED BY: C:\Keil_v5\C51\BIN\A51.EXE exp2.asm SET(SMALL) DEBUG PRINT(.\Listings\exp2.lst) OBJECT(.\Objects\e
                      xp2.obj) EP

LOC  OBJ            LINE     SOURCE

                       1     ;WRITE A PROGRAM TO COPY 10 NUMBERS STORED FROM 30H MEMORY LOCATION.
                       2     ;THE NUMBERS SHOULD BE COPIED TO MEMORY LOCATION STARTING FROM 40H MEMORY LOCATION
                       3             
0000                   4             ORG 0000H
                       5                             
0000 7B0A              6                     MOV R3,#0AH
0002 7830              7                     MOV R0,#30H
0004 7940              8                     MOV R1,#40H
                       9                     
0006 E6               10     AGAIN:  MOV A,@R0
0007 C7               11                     XCH A,@R1 
0008 F6               12                     MOV @R0,A
0009 09               13                     INC R1
000A 08               14                     INC R0
000B DBF9             15                     DJNZ R3, AGAIN
                      16                     
                      17                     END
                                     
A51 MACRO ASSEMBLER  EXP2                                                                 02/20/2021 13:47:06 PAGE     2

SYMBOL TABLE LISTING
------ ----- -------


N A M E             T Y P E  V A L U E   ATTRIBUTES

AGAIN. . . . . . .  C ADDR   0006H   A   


REGISTER BANK(S) USED: 0 


ASSEMBLY COMPLETE.  0 WARNING(S), 0 ERROR(S)
