A51 MACRO ASSEMBLER  EXP                                                                  02/21/2021 18:19:33 PAGE     1


MACRO ASSEMBLER A51 V8.2.7.0
OBJECT MODULE PLACED IN .\Objects\exp.obj
ASSEMBLER INVOKED BY: C:\Keil_v5\C51\BIN\A51.EXE exp.asm SET(SMALL) DEBUG PRINT(.\Listings\exp.lst) OBJECT(.\Objects\exp
                      .obj) EP

LOC  OBJ            LINE     SOURCE

0000                   1             ORG 0000H
                       2                     
0000 7410              3                     MOV A,#10H
0002                   4                     MOV R2,#CDH
*** _________________________________________________^
*** ERROR #A45 IN 4 (exp.asm, LINE 4): UNDEFINED SYMBOL (PASS-2)
0004 2A                5                     ADD A,R2
0005 80FE              6     LOOP:   JMP LOOP
                       7                     
                       8                     END
A51 MACRO ASSEMBLER  EXP                                                                  02/21/2021 18:19:33 PAGE     2

SYMBOL TABLE LISTING
------ ----- -------


N A M E             T Y P E  V A L U E   ATTRIBUTES

CDH. . . . . . . .    ----   -----       
LOOP . . . . . . .  C ADDR   0005H   A   


REGISTER BANK(S) USED: 0 


ASSEMBLY COMPLETE.  0 WARNING(S), 1 ERROR(S)
